23:01:11 **** Incremental Build of configuration Debug for project ultrasonic ****
make -j4 all 
arm-none-eabi-gcc "../Core/Src/main.c" -mcpu=cortex-m4 -std=gnu11 -g3 -DDEBUG -DUSE_HAL_DRIVER -DSTM32F407xx -c -I../Core/Inc -I../Drivers/STM32F4xx_HAL_Driver/Inc -I../Drivers/STM32F4xx_HAL_Driver/Inc/Legacy -I../Drivers/CMSIS/Device/ST/STM32F4xx/Include -I../Drivers/CMSIS/Include -O0 -ffunction-sections -fdata-sections -Wall -fstack-usage -fcyclomatic-complexity -MMD -MP -MF"Core/Src/main.d" -MT"Core/Src/main.o" --specs=nano.specs -mfpu=fpv4-sp-d16 -mfloat-abi=hard -mthumb -o "Core/Src/main.o"
arm-none-eabi-gcc -o "ultrasonic.elf" @"objects.list"   -mcpu=cortex-m4 -T"D:\stm32\carOfMaze_@\ultrasonic\STM32F407VGTX_FLASH.ld" --specs=nosys.specs -Wl,-Map="ultrasonic.map" -Wl,--gc-sections -static --specs=nano.specs -mfpu=fpv4-sp-d16 -mfloat-abi=hard -mthumb -Wl,--start-group -lc -lm -Wl,--end-group
Finished building target: ultrasonic.elf
 
arm-none-eabi-size   ultrasonic.elf 
arm-none-eabi-objdump -h -S  ultrasonic.elf  > "ultrasonic.list"
   text	   data	    bss	    dec	    hex	filename
  11284	     20	   1660	  12964	   32a4	ultrasonic.elf
Finished building: default.size.stdout
 
Finished building: ultrasonic.list
 
